"price_xml_attr_currency","price_txt_content","item","JSON_parentId"
"CZK","100","Umbrella","root_el.root_el.orders.order_e405d689958eba767c0815395083049d"
"CZK","200","Rain Coat","root_el.root_el.orders.order_e405d689958eba767c0815395083049d"
"GBP","100","Sun Screen","root_el.root_el.orders.order_a0e835a5507c22d37062230f7895f7b0"
