item_id,quantity,JSON_parentId
"A","10","items_0"
"B","20","items_1 "
