"price_xml_attr_currency_u0","price_txt_content_u0","item_u0","JSON_parentId"
"CZK","100","Umbrella","orders.orders.order_b2f2f358c8c08dcc616ae523d94ac518"
"CZK","200","Rain Coat","orders.orders.order_b2f2f358c8c08dcc616ae523d94ac518"
"GBP","100","Sun Screen","orders.orders.order_d4b576112e3171d2c7b4ed15e8c49f8c"
