"orders_order_id","orders_order_date","orders_order_cust_name","orders_order_order-item"
"1","2018-01-01","David","orders.orders.order_b2f2f358c8c08dcc616ae523d94ac518"
"2","2018-07-02","Tom","orders.orders.order_d4b576112e3171d2c7b4ed15e8c49f8c"
