"row_nr","currency","price_value","item_name","order_id"
"","","","",""
